Microchip MPLAB XC8 Compiler V2.40

Linker command line:

-W-3 \
  --edf=C:\Program Files\Microchip\xc8\v2.40\pic\dat\20220703182018_en.msgs \
  -cn -h+dist/default/production\racao.X.production.sym \
  --cmf=dist/default/production\racao.X.production.cmf -z -Q16F877A \
  -oC:\Users\Mathe\AppData\Local\Temp\xcAs2h0.4 --defsym=__MPLAB_BUILD=1 \
  --fixupoverflow=error -Mdist/default/production/racao.X.production.map \
  --md=C:\Users\Mathe\AppData\Local\Temp\xcAs2h0.dat -E1 -ver=XC8 Compiler \
  --acfsm=1493 -ACODE=00h-07FFhx4 -ASTRCODE=00h-01FFFh -ASTRING=00h-0FFhx32 \
  -ACONST=00h-0FFhx32 -AENTRY=00h-0FFhx32 -ACOMMON=070h-07Fh \
  -ABANK0=020h-06Fh -ABANK1=0A0h-0EFh -ABANK2=0110h-016Fh \
  -ABANK3=0190h-01EFh -ARAM=020h-06Fh,0A0h-0EFh,0110h-016Fh,0190h-01EFh \
  -AABS1=020h-07Fh,0A0h-0EFh,0110h-016Fh,0190h-01EFh -ASFR0=00h-01Fh \
  -ASFR1=080h-09Fh -ASFR2=0100h-010Fh -ASFR3=0180h-018Fh \
  -ACONFIG=02007h-02007h -DCONFIG=2 -AIDLOC=02000h-02003h -DIDLOC=2 \
  -AEEDATA=00h-0FFh/02100h -peeprom_data=EEDATA -DEEDATA=2 -DCODE=2 \
  -DSTRCODE=2 -DSTRING=2 -DCONST=2 -DENTRY=2 \
  -preset_vec=00h,intentry=04h,init,end_init -ppowerup=CODE -pcinit=CODE \
  -pfunctab=ENTRY -k C:\Users\Mathe\AppData\Local\Temp\xcAs2h0.o \
  dist/default/production\racao.X.production.o 

Object code version is 3.11

Machine type is 16F877A



                Name                               Link     Load   Length Selector   Space Scale
C:\Users\Mathe\AppData\Local\Temp\xcAs2h0.o
                end_init                              C        C        3        8       0
                reset_vec                             0        0        3        0       0
                config                             2007     2007        1        0       4
dist/default/production\racao.X.production.o
                cinit                                 F        F        A        8       0
                intentry                              4        4        8        8       0
                config                             2007     2007        1        0       4
                text11                              212      212       22      3DC       0
                text10                              270      270       1A      3DC       0
                text9                               297      297        D      3DC       0
                text8                               1EE      1EE       24      3DC       0
                text7                               234      234       20      3DC       0
                text6                               254      254       1C      3DC       0
                text5                               28A      28A        D      3DC       0
                text4                                B6       B6       63        8       0
                text3                               119      119       4C        8       0
                text2                               165      165       39        8       0
                text1                               19E      19E       29        8       0
                maintext                             19       19       9D        8       0
                cstackBANK0                          20       20        A       20       1
                cstackCOMMON                         70       70        6       70       1
                bssBANK0                             2A       2A        2       20       1
                bssCOMMON                            76       76        2       70       1
                strings                             1C7      1C7       27      38E       0

TOTAL           Name                               Link     Load   Length     Space
        CLASS   CODE           
                end_init                              C        C        3         0
                cinit                                 F        F        A         0
                intentry                              4        4        8         0
                reset_vec                             0        0        3         0
                text11                              212      212       22         0
                text10                              270      270       1A         0
                text9                               297      297        D         0
                text8                               1EE      1EE       24         0
                text7                               234      234       20         0
                text6                               254      254       1C         0
                text5                               28A      28A        D         0
                text4                                B6       B6       63         0
                text3                               119      119       4C         0
                text2                               165      165       39         0
                text1                               19E      19E       29         0
                maintext                             19       19       9D         0

        CLASS   STRCODE        

        CLASS   STRING         
                strings                             1C7      1C7       27         0

        CLASS   CONST          

        CLASS   ENTRY          

        CLASS   COMMON         
                cstackCOMMON                         70       70        6         1
                bssCOMMON                            76       76        2         1

        CLASS   BANK0          
                cstackBANK0                          20       20        A         1
                bssBANK0                             2A       2A        2         1

        CLASS   BANK1          

        CLASS   BANK2          

        CLASS   BANK3          

        CLASS   RAM            

        CLASS   ABS1           
                abs_s1                               7E       7E        2         1

        CLASS   SFR0           

        CLASS   SFR1           

        CLASS   SFR2           

        CLASS   SFR3           

        CLASS   CONFIG         
                config                             2007     2007        1         4

        CLASS   IDLOC          

        CLASS   EEDATA         

        CLASS   STACK          



SEGMENTS        Name                           Load    Length   Top    Selector   Space  Class     Delta

                reset_vec                      000000  000003  000003         0       0  CODE        2
                intentry                       000004  0001C3  0001C7         8       0  CODE        2
                cstackBANK0                    000020  00000C  00002C        20       1  BANK0       1
                cstackCOMMON                   000070  000008  000078        70       1  COMMON      1
                strings                        0001C7  000027  0001EE       38E       0  STRING      2
                text8                          0001EE  0000B6  0002A4       3DC       0  CODE        2


UNUSED ADDRESS RANGES

        Name                Unused          Largest block    Delta
        BANK0            002C-006F             44           1
        BANK1            00A0-00EF             50           1
        BANK2            0110-016F             60           1
        BANK3            0190-01EF             60           1
        CODE             0003-0003              1           2
                         02A4-1FFF            800
        COMMON           0078-007D              6           1
        CONST            0003-0003              1           2
                         02A4-1FFF            100
        EEDATA           2100-21FF            100           2
        ENTRY            0003-0003              1           2
                         02A4-1FFF            100
        IDLOC            2000-2003              4           2
        RAM              002C-006F             44           1
                         00A0-00EF             50
                         0110-016F             60
                         0190-01EF             60
        SFR0             0000-001F             20           1
        SFR1             0080-009F             20           1
        SFR2             0100-010F             10           1
        SFR3             0180-018F             10           1
        STRCODE          0003-0003              1           2
                         02A4-1FFF           1D5C
        STRING           0003-0003              1           2
                         02A4-1FFF            100

                                  Symbol Table

Lcd_Cmd@a                 cstackBANK0  0023
Lcd_Port@a                cstackBANK0  0020
Lcd_Set_Cursor@a          cstackBANK0  0026
Lcd_Set_Cursor@b          cstackBANK0  0024
Lcd_Set_Cursor@temp       cstackBANK0  0029
Lcd_Set_Cursor@y          cstackBANK0  0028
Lcd_Set_Cursor@z          cstackBANK0  0027
Lcd_Write_Char@a          cstackBANK0  0024
Lcd_Write_Char@temp       cstackBANK0  0022
Lcd_Write_Char@y          cstackBANK0  0023
Lcd_Write_String@a        cstackBANK0  0027
Lcd_Write_String@i        cstackBANK0  0025
_INTCONbits               (abs)        000B
_Lcd_Clear                text5        028A
_Lcd_Cmd                  text6        0254
_Lcd_Init                 text4        00B6
_Lcd_Port                 text7        0234
_Lcd_Set_Cursor           text3        0119
_Lcd_Write_Char           text2        0165
_Lcd_Write_String         text1        019E
_OPTION_REG               (abs)        0081
_PIR1bits                 (abs)        000C
_PORTA                    (abs)        0005
_PORTB                    (abs)        0006
_PORTBbits                (abs)        0006
_PORTC                    (abs)        0007
_PORTD                    (abs)        0008
_PORTDbits                (abs)        0008
_RC0                      (abs)        0038
_RC2                      (abs)        003A
_RC4                      (abs)        003C
_RC5                      (abs)        003D
_RC6                      (abs)        003E
_RC7                      (abs)        003F
_TMR1H                    (abs)        000F
_TMR1IF                   (abs)        0060
_TMR1L                    (abs)        000E
_TRISA                    (abs)        0085
_TRISB                    (abs)        0086
_TRISC                    (abs)        0087
_TRISD                    (abs)        0088
__Habs1                   abs1         0000
__Hbank0                  bank0        0000
__Hbank1                  bank1        0000
__Hbank2                  bank2        0000
__Hbank3                  bank3        0000
__HbssBANK0               bssBANK0     0000
__HbssCOMMON              bssCOMMON    0000
__Hcinit                  cinit        0019
__Hclrtext                clrtext      0000
__Hcode                   code         0000
__Hcommon                 common       0000
__Hconfig                 config       2008
__HcstackBANK0            cstackBANK0  0000
__HcstackCOMMON           cstackCOMMON 0000
__Heeprom_data            eeprom_data  0000
__Hend_init               end_init     000F
__Hfunctab                functab      0000
__Hinit                   init         000C
__Hintentry               intentry     000C
__Hmaintext               maintext     0000
__Hpowerup                powerup      0000
__Hram                    ram          0000
__Hreset_vec              reset_vec    0003
__Hsfr0                   sfr0         0000
__Hsfr1                   sfr1         0000
__Hsfr2                   sfr2         0000
__Hsfr3                   sfr3         0000
__Hspace_0                (abs)        02A4
__Hspace_1                (abs)        0078
__Hspace_2                (abs)        0000
__Hspace_3                (abs)        0000
__Hspace_4                (abs)        400F
__Hstack                  stack        0000
__Hstrings                strings      0000
__Htext                   text         0000
__Labs1                   abs1         0000
__Lbank0                  bank0        0000
__Lbank1                  bank1        0000
__Lbank2                  bank2        0000
__Lbank3                  bank3        0000
__LbssBANK0               bssBANK0     0000
__LbssCOMMON              bssCOMMON    0000
__Lcinit                  cinit        000F
__Lclrtext                clrtext      0000
__Lcode                   code         0000
__Lcommon                 common       0000
__Lconfig                 config       0000
__LcstackBANK0            cstackBANK0  0000
__LcstackCOMMON           cstackCOMMON 0000
__Leeprom_data            eeprom_data  0000
__Lend_init               end_init     000C
__Lfunctab                functab      0000
__Linit                   init         000C
__Lintentry               intentry     0004
__Lmaintext               maintext     0000
__Lpowerup                powerup      0000
__Lram                    ram          0000
__Lreset_vec              reset_vec    0000
__Lsfr0                   sfr0         0000
__Lsfr1                   sfr1         0000
__Lsfr2                   sfr2         0000
__Lsfr3                   sfr3         0000
__Lspace_0                (abs)        0000
__Lspace_1                (abs)        0000
__Lspace_2                (abs)        0000
__Lspace_3                (abs)        0000
__Lspace_4                (abs)        0000
__Lstack                  stack        0000
__Lstrings                strings      0000
__Ltext                   text         0000
__S0                      (abs)        02A4
__S1                      (abs)        0078
__S3                      (abs)        0000
___int_sp                 stack        0000
___latbits                (abs)        0002
___sp                     stack        0000
___stackhi                (abs)        0000
___stacklo                (abs)        0000
__end_of_Lcd_Clear        text5        0297
__end_of_Lcd_Cmd          text6        0270
__end_of_Lcd_Init         text4        0119
__end_of_Lcd_Port         text7        0254
__end_of_Lcd_Set_Cursor   text3        0165
__end_of_Lcd_Write_Char   text2        019E
__end_of_Lcd_Write_String text1        01C7
__end_of__initialization  cinit        0015
__end_of__stringtab       strings      01CD
__end_of_main             maintext     00B6
__end_of_tes              text8        0212
__end_ofi1_Lcd_Clear      text9        02A4
__end_ofi1_Lcd_Cmd        text10       028A
__end_ofi1_Lcd_Port       text11       0234
__initialization          cinit        000F
__pbssBANK0               bssBANK0     002A
__pbssCOMMON              bssCOMMON    0076
__pcstackBANK0            cstackBANK0  0020
__pcstackCOMMON           cstackCOMMON 0070
__pintentry               intentry     0004
__pmaintext               maintext     0019
__pstrings                strings      01C7
__ptext1                  text1        019E
__ptext10                 text10       0270
__ptext11                 text11       0212
__ptext2                  text2        0165
__ptext3                  text3        0119
__ptext4                  text4        00B6
__ptext5                  text5        028A
__ptext6                  text6        0254
__ptext7                  text7        0234
__ptext8                  text8        01EE
__ptext9                  text9        0297
__stringbase              strings      01CC
__stringtab               strings      01C7
_interrupcao              bssBANK0     002A
_main                     maintext     0019
_tes                      text8        01EE
btemp                     (abs)        007E
end_of_initialization     cinit        0015
i1Lcd_Cmd@a               cstackCOMMON 0073
i1Lcd_Port@a              cstackCOMMON 0070
i1_Lcd_Clear              text9        0297
i1_Lcd_Cmd                text10       0270
i1_Lcd_Port               text11       0212
interrupt_function        intentry     0004
intlevel0                 functab      0000
intlevel1                 functab      0000
intlevel2                 functab      0000
intlevel3                 functab      0000
intlevel4                 functab      0000
intlevel5                 functab      0000
reset_vec                 reset_vec    0000
saved_w                   (abs)        007E
start                     init         000C
start_initialization      cinit        000F
wtemp0                    (abs)        007E


MODULE INFORMATION

Module		Function		Class		Link	Load	Size
newmain.c
		_main          		CODE           	0019	0000	157
		_tes           		CODE           	01EE	0000	36

newmain.c estimated size: 193

./LCD.h
		_Lcd_Write_String		CODE           	019E	0000	41
		_Lcd_Init      		CODE           	00B6	0000	99
		_Lcd_Write_Char		CODE           	0165	0000	57
		_Lcd_Cmd       		CODE           	0254	0000	28
		_Lcd_Set_Cursor		CODE           	0119	0000	76
		_Lcd_Clear     		CODE           	028A	0000	13
		_Lcd_Port      		CODE           	0234	0000	32

./LCD.h estimated size: 346

shared
		__stringtab    		STRING         	01C7	0000	6
		i1_Lcd_Port    		CODE           	0212	0000	34
		i1_Lcd_Cmd     		CODE           	0270	0000	26
		i1_Lcd_Clear   		CODE           	0297	0000	13
		__initialization		CODE           	000F	0000	6

shared estimated size: 85

