Microchip MPLAB XC8 Compiler V2.36

Linker command line:

-W-3 --edf=C:\Program Files\Microchip\xc8\v2.36\pic\dat\en_msgs.txt -cn \
  -h+dist/default/production\racao.X.production.sym \
  --cmf=dist/default/production\racao.X.production.cmf -z -Q16F877A \
  -oC:\Users\Saint\AppData\Local\Temp\xcAscfs.4 --defsym=__MPLAB_BUILD=1 \
  -Mdist/default/production/racao.X.production.map \
  --md=C:\Users\Saint\AppData\Local\Temp\xcAscfs.dat -E1 -ver=XC8 Compiler \
  --acfsm=1493 -ACODE=00h-07FFhx4 -ASTRCODE=00h-01FFFh -ASTRING=00h-0FFhx32 \
  -ACONST=00h-0FFhx32 -AENTRY=00h-0FFhx32 -ACOMMON=070h-07Fh \
  -ABANK0=020h-06Fh -ABANK1=0A0h-0EFh -ABANK2=0110h-016Fh \
  -ABANK3=0190h-01EFh -ARAM=020h-06Fh,0A0h-0EFh,0110h-016Fh,0190h-01EFh \
  -AABS1=020h-07Fh,0A0h-0EFh,0110h-016Fh,0190h-01EFh -ASFR0=00h-01Fh \
  -ASFR1=080h-09Fh -ASFR2=0100h-010Fh -ASFR3=0180h-018Fh \
  -ACONFIG=02007h-02007h -DCONFIG=2 -AIDLOC=02000h-02003h -DIDLOC=2 \
  -AEEDATA=00h-0FFh/02100h -peeprom_data=EEDATA -DEEDATA=2 -DCODE=2 \
  -DSTRCODE=2 -DSTRING=2 -DCONST=2 -DENTRY=2 \
  -preset_vec=00h,intentry=04h,init,end_init -ppowerup=CODE -pcinit=CODE \
  -pfunctab=ENTRY -k C:\Users\Saint\AppData\Local\Temp\xcAscfs.o \
  dist/default/production\racao.X.production.o 

Object code version is 3.11

Machine type is 16F877A



                Name                               Link     Load   Length Selector   Space Scale
C:\Users\Saint\AppData\Local\Temp\xcAscfs.o
                end_init                             12       12        3        8       0
                reset_vec                             0        0        3        0       0
                config                             2007     2007        1        0       4
dist/default/production\racao.X.production.o
                cinit                                15       15       18        8       0
                intentry                              4        4        E        8       0
                config                             2007     2007        1        0       4
                text27                             154E     154E       22     2A9C       0
                text26                             14F8     14F8       1A     29F0       0
                text25                             14DE     14DE        D     29BC       0
                text24                             16A8     16A8       52     2D50       0
                text23                             1570     1570       37     2AE0       0
                text22                             1620     1620       42     2C40       0
                text21                              8DB      8DB       62     11B6       0
                text20                             152E     152E       20     2A5C       0
                text19                             1512     1512       1C     2A24       0
                text18                              93D      93D       63     127A       0
                text17                             14EB     14EB        D     29D6       0
                text16                             17A8     17A8       58     2F50       0
                text15                             15E3     15E3       3D     2BC6       0
                text14                             1662     1662       46     2CC4       0
                text13                              718      718       BC        8       0
                text12                             16FA     16FA       57     2DF4       0
                text11                             1751     1751       57     2EA2       0
                text10                              9A0      9A0       71     1340       0
                text9                               38E      38E      2A0        8       0
                text8                               7D4      7D4       29        8       0
                text7                                2D       2D      361        8       0
                text6                               A11      A11       92     1422       0
                text5                               895      895       46     112A       0
                text4                              15A7     15A7       3C     2B4E       0
                text3                               62E      62E       EA        8       0
                text2                               B47      B47      256     168E       0
                text1                               AA3      AA3       A4     1546       0
                maintext                            D9D      D9D      263     1B3A       0
                cstackBANK0                          20       20       48       20       1
                cstackCOMMON                         70       70        C       70       1
                cstackBANK1                          A0       A0       3C       A0       1
                bssBANK1                             DC       DC        A       A0       1
                bssBANK0                             68       68        4       20       1
                bssCOMMON                            7C       7C        2       70       1
                strings                             800      800       8B     1000       0

TOTAL           Name                               Link     Load   Length     Space
        CLASS   CODE           
                end_init                             12       12        3         0
                cinit                                15       15       18         0
                intentry                              4        4        E         0
                reset_vec                             0        0        3         0
                text27                             154E     154E       22         0
                text26                             14F8     14F8       1A         0
                text25                             14DE     14DE        D         0
                text24                             16A8     16A8       52         0
                text23                             1570     1570       37         0
                text22                             1620     1620       42         0
                text21                              8DB      8DB       62         0
                text20                             152E     152E       20         0
                text19                             1512     1512       1C         0
                text18                              93D      93D       63         0
                text17                             14EB     14EB        D         0
                text16                             17A8     17A8       58         0
                text15                             15E3     15E3       3D         0
                text14                             1662     1662       46         0
                text13                              718      718       BC         0
                text12                             16FA     16FA       57         0
                text11                             1751     1751       57         0
                text10                              9A0      9A0       71         0
                text9                               38E      38E      2A0         0
                text8                               7D4      7D4       29         0
                text7                                2D       2D      361         0
                text6                               A11      A11       92         0
                text5                               895      895       46         0
                text4                              15A7     15A7       3C         0
                text3                               62E      62E       EA         0
                text2                               B47      B47      256         0
                text1                               AA3      AA3       A4         0
                maintext                            D9D      D9D      263         0

        CLASS   STRCODE        

        CLASS   STRING         
                strings                             800      800       8B         0

        CLASS   CONST          

        CLASS   ENTRY          

        CLASS   COMMON         
                cstackCOMMON                         70       70        C         1
                bssCOMMON                            7C       7C        2         1

        CLASS   BANK0          
                cstackBANK0                          20       20       48         1
                bssBANK0                             68       68        4         1

        CLASS   BANK1          
                cstackBANK1                          A0       A0       3C         1
                bssBANK1                             DC       DC        A         1

        CLASS   BANK2          

        CLASS   BANK3          

        CLASS   RAM            

        CLASS   ABS1           
                abs_s1                               7E       7E        2         1

        CLASS   SFR0           

        CLASS   SFR1           

        CLASS   SFR2           

        CLASS   SFR3           

        CLASS   CONFIG         
                config                             2007     2007        1         4

        CLASS   IDLOC          

        CLASS   EEDATA         

        CLASS   STACK          



SEGMENTS        Name                           Load    Length   Top    Selector   Space  Class     Delta

                reset_vec                      000000  000003  000003         0       0  CODE        2
                intentry                       000004  0007F9  0007FD         8       0  CODE        2
                cstackBANK0                    000020  00004C  00006C        20       1  BANK0       1
                cstackCOMMON                   000070  00000E  00007E        70       1  COMMON      1
                cstackBANK1                    0000A0  000046  0000E6        A0       1  BANK1       1
                strings                        000800  00008B  00088B      1000       0  STRING      2
                text5                          000895  000046  0008DB      112A       0  CODE        2
                text21                         0008DB  000062  00093D      11B6       0  CODE        2
                text18                         00093D  000063  0009A0      127A       0  CODE        2
                text10                         0009A0  000071  000A11      1340       0  CODE        2
                text6                          000A11  000092  000AA3      1422       0  CODE        2
                text1                          000AA3  0000A4  000B47      1546       0  CODE        2
                text2                          000B47  000256  000D9D      168E       0  CODE        2
                maintext                       000D9D  000263  001000      1B3A       0  CODE        2
                text25                         0014DE  00000D  0014EB      29BC       0  CODE        2
                text17                         0014EB  00000D  0014F8      29D6       0  CODE        2
                text26                         0014F8  00001A  001512      29F0       0  CODE        2
                text19                         001512  00001C  00152E      2A24       0  CODE        2
                text20                         00152E  000020  00154E      2A5C       0  CODE        2
                text27                         00154E  000022  001570      2A9C       0  CODE        2
                text23                         001570  000037  0015A7      2AE0       0  CODE        2
                text4                          0015A7  00003C  0015E3      2B4E       0  CODE        2
                text15                         0015E3  00003D  001620      2BC6       0  CODE        2
                text22                         001620  000042  001662      2C40       0  CODE        2
                text14                         001662  000046  0016A8      2CC4       0  CODE        2
                text24                         0016A8  000052  0016FA      2D50       0  CODE        2
                text12                         0016FA  000057  001751      2DF4       0  CODE        2
                text11                         001751  000057  0017A8      2EA2       0  CODE        2
                text16                         0017A8  000058  001800      2F50       0  CODE        2


UNUSED ADDRESS RANGES

        Name                Unused          Largest block    Delta
        BANK0            006C-006F              4           1
        BANK1            00E6-00EF              A           1
        BANK2            0110-016F             60           1
        BANK3            0190-01EF             60           1
        CODE             0003-0003              1           2
                         07FD-07FF              3
                         088B-0894              A
                         1000-14DD            4DE
                         1800-1FFF            800
        CONST            0003-0003              1           2
                         07FD-07FF              3
                         088B-0894              A
                         1000-14DD            100
                         1800-1FFF            100
        EEDATA           2100-21FF            100           2
        ENTRY            0003-0003              1           2
                         07FD-07FF              3
                         088B-0894              A
                         1000-14DD            100
                         1800-1FFF            100
        IDLOC            2000-2003              4           2
        RAM              006C-006F              4           1
                         00E6-00EF              A
                         0110-016F             60
                         0190-01EF             60
        SFR0             0000-001F             20           1
        SFR1             0080-009F             20           1
        SFR2             0100-010F             10           1
        SFR3             0180-018F             10           1
        STRCODE          0003-0003              1           2
                         07FD-07FF              3
                         088B-0894              A
                         1000-14DD            4DE
                         1800-1FFF            800
        STRING           0003-0003              1           2
                         07FD-07FF              3
                         088B-0894              A
                         1000-14DD            100
                         1800-1FFF            100

                                  Symbol Table

?_PesoCambuca               cstackBANK0  0032
?_PesoEstoque               cstackBANK0  0032
?__Umul8_16                 cstackBANK0  0024
?___awdiv                   cstackBANK1  00B6
?___fldiv                   cstackBANK0  0058
?___flmul                   cstackBANK0  003E
?___fltol                   cstackBANK1  00AD
?___lwdiv                   cstackBANK0  0024
?___lwmod                   cstackBANK0  002C
?___xxtofl                  cstackBANK0  0024
?_sprintf                   cstackBANK0  0032
Lcd_Cmd@a                   cstackBANK0  0027
Lcd_Padrao@buffer           cstackBANK1  00C1
Lcd_Padrao@nivel_cambuca    cstackBANK1  00D5
Lcd_Padrao@nivel_estoque    cstackBANK1  00D7
Lcd_Port@a                  cstackBANK0  0024
Lcd_Set_Cursor@a            cstackBANK0  002B
Lcd_Set_Cursor@b            cstackBANK0  0028
Lcd_Set_Cursor@temp         cstackBANK0  002E
Lcd_Set_Cursor@y            cstackBANK0  002D
Lcd_Set_Cursor@z            cstackBANK0  002C
Lcd_Write_Char@a            cstackBANK0  0028
Lcd_Write_Char@temp         cstackBANK0  0026
Lcd_Write_Char@y            cstackBANK0  0027
Lcd_Write_String@a          cstackBANK0  0029
Lcd_Write_String@i          cstackBANK0  002E
PesoCambuca@peso            cstackBANK0  003A
PesoEstoque@peso            cstackBANK0  003A
_ADCON0bits                 (abs)        001F
_ADCON1bits                 (abs)        009F
_ADRESH                     (abs)        001E
_ADRESL                     (abs)        009E
_INTCONbits                 (abs)        000B
_Lcd_Clear                  text17       14EB
_Lcd_Cmd                    text19       1512
_Lcd_Init                   text18       093D
_Lcd_Padrao                 text2        0B47
_Lcd_Port                   text20       152E
_Lcd_Set_Cursor             text16       17A8
_Lcd_Write_Char             text15       15E3
_Lcd_Write_String           text14       1662
_OPTION_REG                 (abs)        0081
_OPTION_REGbits             (abs)        0081
_PIE1bits                   (abs)        008C
_PIR1bits                   (abs)        000C
_PORTA                      (abs)        0005
_PORTB                      (abs)        0006
_PORTBbits                  (abs)        0006
_PORTC                      (abs)        0007
_PORTD                      (abs)        0008
_PORTDbits                  (abs)        0008
_PesoCambuca                text12       16FA
_PesoEstoque                text11       1751
_RC0                        (abs)        0038
_RC2                        (abs)        003A
_RC4                        (abs)        003C
_RC5                        (abs)        003D
_RC6                        (abs)        003E
_RC7                        (abs)        003F
_T1CONbits                  (abs)        0010
_TMR1H                      (abs)        000F
_TMR1IF                     (abs)        0060
_TMR1L                      (abs)        000E
_TRISA                      (abs)        0085
_TRISB                      (abs)        0086
_TRISC                      (abs)        0087
_TRISD                      (abs)        0088
__Habs1                     abs1         0000
__Hbank0                    bank0        0000
__Hbank1                    bank1        0000
__Hbank2                    bank2        0000
__Hbank3                    bank3        0000
__HbssBANK0                 bssBANK0     0000
__HbssBANK1                 bssBANK1     0000
__HbssCOMMON                bssCOMMON    0000
__Hcinit                    cinit        002D
__Hclrtext                  clrtext      0000
__Hcode                     code         0000
__Hcommon                   common       0000
__Hconfig                   config       2008
__HcstackBANK0              cstackBANK0  0000
__HcstackBANK1              cstackBANK1  0000
__HcstackCOMMON             cstackCOMMON 0000
__Heeprom_data              eeprom_data  0000
__Hend_init                 end_init     0015
__Hfunctab                  functab      0000
__Hinit                     init         0012
__Hintentry                 intentry     0012
__Hmaintext                 maintext     0000
__Hpowerup                  powerup      0000
__Hram                      ram          0000
__Hreset_vec                reset_vec    0003
__Hsfr0                     sfr0         0000
__Hsfr1                     sfr1         0000
__Hsfr2                     sfr2         0000
__Hsfr3                     sfr3         0000
__Hspace_0                  (abs)        1800
__Hspace_1                  (abs)        00E6
__Hspace_2                  (abs)        0000
__Hspace_3                  (abs)        0000
__Hspace_4                  (abs)        400F
__Hstack                    stack        0000
__Hstrings                  strings      0000
__Htext                     text         0000
__Labs1                     abs1         0000
__Lbank0                    bank0        0000
__Lbank1                    bank1        0000
__Lbank2                    bank2        0000
__Lbank3                    bank3        0000
__LbssBANK0                 bssBANK0     0000
__LbssBANK1                 bssBANK1     0000
__LbssCOMMON                bssCOMMON    0000
__Lcinit                    cinit        0015
__Lclrtext                  clrtext      0000
__Lcode                     code         0000
__Lcommon                   common       0000
__Lconfig                   config       0000
__LcstackBANK0              cstackBANK0  0000
__LcstackBANK1              cstackBANK1  0000
__LcstackCOMMON             cstackCOMMON 0000
__Leeprom_data              eeprom_data  0000
__Lend_init                 end_init     0012
__Lfunctab                  functab      0000
__Linit                     init         0012
__Lintentry                 intentry     0004
__Lmaintext                 maintext     0000
__Lpowerup                  powerup      0000
__Lram                      ram          0000
__Lreset_vec                reset_vec    0000
__Lsfr0                     sfr0         0000
__Lsfr1                     sfr1         0000
__Lsfr2                     sfr2         0000
__Lsfr3                     sfr3         0000
__Lspace_0                  (abs)        0000
__Lspace_1                  (abs)        0000
__Lspace_2                  (abs)        0000
__Lspace_3                  (abs)        0000
__Lspace_4                  (abs)        0000
__Lstack                    stack        0000
__Lstrings                  strings      0000
__Ltext                     text         0000
__S0                        (abs)        1800
__S1                        (abs)        00E6
__S3                        (abs)        0000
__Umul8_16                  text8        07D4
__Umul8_16@multiplicand     cstackBANK0  0024
__Umul8_16@multiplier       cstackBANK0  002C
__Umul8_16@product          cstackBANK0  0028
__Umul8_16@word_mpld        cstackBANK0  002A
___awdiv                    text10       09A0
___awdiv@counter            cstackBANK1  00BA
___awdiv@dividend           cstackBANK1  00B8
___awdiv@divisor            cstackBANK1  00B6
___awdiv@quotient           cstackBANK1  00BC
___awdiv@sign               cstackBANK1  00BB
___fldiv                    text9        038E
___fldiv@a                  cstackBANK0  0058
___fldiv@aexp               cstackBANK1  00AC
___fldiv@b                  cstackBANK0  005C
___fldiv@bexp               cstackBANK1  00AB
___fldiv@grs                cstackBANK1  00A7
___fldiv@new_exp            cstackBANK1  00A5
___fldiv@rem                cstackBANK1  00A0
___fldiv@sign               cstackBANK1  00A4
___flge                     text1        0AA3
___flge@ff1                 cstackBANK0  003E
___flge@ff2                 cstackBANK0  0042
___flmul                    text7        002D
___flmul@a                  cstackBANK0  0042
___flmul@aexp               cstackBANK0  0050
___flmul@b                  cstackBANK0  003E
___flmul@bexp               cstackBANK0  0051
___flmul@grs                cstackBANK0  004C
___flmul@prod               cstackBANK0  0052
___flmul@sign               cstackBANK0  004B
___flmul@temp               cstackBANK0  0056
___fltol                    text6        0A11
___fltol@exp1               cstackBANK0  0066
___fltol@f1                 cstackBANK1  00AD
___fltol@sign1              cstackBANK0  0065
___int_sp                   stack        0000
___latbits                  (abs)        0002
___lwdiv                    text5        0895
___lwdiv@counter            cstackBANK0  002B
___lwdiv@dividend           cstackBANK0  0026
___lwdiv@divisor            cstackBANK0  0024
___lwdiv@quotient           cstackBANK0  0029
___lwmod                    text4        15A7
___lwmod@counter            cstackBANK0  0031
___lwmod@dividend           cstackBANK0  002E
___lwmod@divisor            cstackBANK0  002C
___sp                       stack        0000
___stackhi                  (abs)        0000
___stacklo                  (abs)        0000
___xxtofl                   text13       0718
___xxtofl@arg               cstackBANK0  002E
___xxtofl@exp               cstackBANK0  002D
___xxtofl@sign              cstackBANK0  002C
___xxtofl@val               cstackBANK0  0024
__end_of_Lcd_Clear          text17       14F8
__end_of_Lcd_Cmd            text19       152E
__end_of_Lcd_Init           text18       09A0
__end_of_Lcd_Padrao         text2        0D9D
__end_of_Lcd_Port           text20       154E
__end_of_Lcd_Set_Cursor     text16       1800
__end_of_Lcd_Write_Char     text15       1620
__end_of_Lcd_Write_String   text14       16A8
__end_of_PesoCambuca        text12       1751
__end_of_PesoEstoque        text11       17A8
__end_of__Umul8_16          text8        07FD
__end_of___awdiv            text10       0A11
__end_of___fldiv            text9        062E
__end_of___flge             text1        0B47
__end_of___flmul            text7        038E
__end_of___fltol            text6        0AA3
__end_of___lwdiv            text5        08DB
__end_of___lwmod            text4        15E3
__end_of___xxtofl           text13       07D4
__end_of__initialization    cinit        0029
__end_of__stringtab         strings      0810
__end_of_dpowers            strings      081A
__end_of_main               maintext     1000
__end_of_sprintf            text3        0718
__end_of_tes                text21       093D
__end_ofi1_Lcd_Clear        text25       14EB
__end_ofi1_Lcd_Cmd          text26       1512
__end_ofi1_Lcd_Port         text27       1570
__end_ofi1_Lcd_Set_Cursor   text24       16FA
__end_ofi1_Lcd_Write_Char   text23       15A7
__end_ofi1_Lcd_Write_String text22       1662
__initialization            cinit        0015
__pbssBANK0                 bssBANK0     0068
__pbssBANK1                 bssBANK1     00DC
__pbssCOMMON                bssCOMMON    007C
__pcstackBANK0              cstackBANK0  0020
__pcstackBANK1              cstackBANK1  00A0
__pcstackCOMMON             cstackCOMMON 0070
__pintentry                 intentry     0004
__pmaintext                 maintext     0D9D
__pstrings                  strings      0800
__ptext1                    text1        0AA3
__ptext10                   text10       09A0
__ptext11                   text11       1751
__ptext12                   text12       16FA
__ptext13                   text13       0718
__ptext14                   text14       1662
__ptext15                   text15       15E3
__ptext16                   text16       17A8
__ptext17                   text17       14EB
__ptext18                   text18       093D
__ptext19                   text19       1512
__ptext2                    text2        0B47
__ptext20                   text20       152E
__ptext21                   text21       08DB
__ptext22                   text22       1620
__ptext23                   text23       1570
__ptext24                   text24       16A8
__ptext25                   text25       14DE
__ptext26                   text26       14F8
__ptext27                   text27       154E
__ptext3                    text3        062E
__ptext4                    text4        15A7
__ptext5                    text5        0895
__ptext6                    text6        0A11
__ptext7                    text7        002D
__ptext8                    text8        07D4
__ptext9                    text9        038E
__stringbase                strings      080F
__stringtab                 strings      0800
_aux_aviso                  bssBANK1     00DC
_aux_cambuca                bssBANK1     00E0
_aux_estoque                bssBANK1     00DE
_aux_lcd                    bssBANK1     00E4
_aux_timer                  bssBANK0     006A
_conta                      bssCOMMON    007C
_dpowers                    strings      0810
_interrupcao                bssBANK0     0068
_main                       maintext     0D9D
_sprintf                    text3        062E
_tes                        text21       08DB
btemp                       (abs)        007E
end_of_initialization       cinit        0029
i1Lcd_Cmd@a                 cstackCOMMON 0073
i1Lcd_Port@a                cstackCOMMON 0070
i1Lcd_Set_Cursor@a          cstackCOMMON 0077
i1Lcd_Set_Cursor@b          cstackCOMMON 0074
i1Lcd_Set_Cursor@temp       cstackCOMMON 007A
i1Lcd_Set_Cursor@y          cstackCOMMON 0079
i1Lcd_Set_Cursor@z          cstackCOMMON 0078
i1Lcd_Write_Char@a          cstackCOMMON 0074
i1Lcd_Write_Char@temp       cstackCOMMON 0072
i1Lcd_Write_Char@y          cstackCOMMON 0073
i1Lcd_Write_String@a        cstackCOMMON 0075
i1Lcd_Write_String@i        cstackCOMMON 007A
i1_Lcd_Clear                text25       14DE
i1_Lcd_Cmd                  text26       14F8
i1_Lcd_Port                 text27       154E
i1_Lcd_Set_Cursor           text24       16A8
i1_Lcd_Write_Char           text23       1570
i1_Lcd_Write_String         text22       1620
interrupt_function          intentry     0004
intlevel0                   functab      0000
intlevel1                   functab      0000
intlevel2                   functab      0000
intlevel3                   functab      0000
intlevel4                   functab      0000
intlevel5                   functab      0000
reset_vec                   reset_vec    0000
saved_w                     (abs)        007E
sprintf@ap                  cstackBANK0  0038
sprintf@c                   cstackBANK0  003E
sprintf@f                   cstackBANK0  0032
sprintf@flag                cstackBANK0  0039
sprintf@prec                cstackBANK0  003A
sprintf@sp                  cstackBANK0  003D
sprintf@val                 cstackBANK0  003B
start                       init         0012
start_initialization        cinit        0015
wtemp0                      (abs)        007E


MODULE INFORMATION

Module		Function		Class		Link	Load	Size
C:\Program Files\Microchip\xc8\v2.36\pic\sources\c90\common\doprnt.c
		_sprintf       		CODE           	062E	0000	234

C:\Program Files\Microchip\xc8\v2.36\pic\sources\c90\common\doprnt.c estimated size: 234

C:\Program Files\Microchip\xc8\v2.36\pic\sources\c90\common\lwmod.c
		___lwmod       		CODE           	15A7	0000	60

C:\Program Files\Microchip\xc8\v2.36\pic\sources\c90\common\lwmod.c estimated size: 60

newmain.c
		_main          		CODE           	0D9D	0000	611
		_Lcd_Padrao    		CODE           	0B47	0000	598
		_tes           		CODE           	08DB	0000	98
		_PesoCambuca   		CODE           	16FA	0000	87
		_PesoEstoque   		CODE           	1751	0000	87

newmain.c estimated size: 1481

C:\Program Files\Microchip\xc8\v2.36\pic\sources\c90\common\lwdiv.c
		___lwdiv       		CODE           	0895	0000	70

C:\Program Files\Microchip\xc8\v2.36\pic\sources\c90\common\lwdiv.c estimated size: 70

C:\Program Files\Microchip\xc8\v2.36\pic\sources\c90\common\sprcmul.c
		___flmul       		CODE           	002D	0000	865

C:\Program Files\Microchip\xc8\v2.36\pic\sources\c90\common\sprcmul.c estimated size: 865

C:\Program Files\Microchip\xc8\v2.36\pic\sources\c90\common\awdiv.c
		___awdiv       		CODE           	09A0	0000	113

C:\Program Files\Microchip\xc8\v2.36\pic\sources\c90\common\awdiv.c estimated size: 113

C:\Program Files\Microchip\xc8\v2.36\pic\sources\c90\common\fltol.c
		___fltol       		CODE           	0A11	0000	146

C:\Program Files\Microchip\xc8\v2.36\pic\sources\c90\common\fltol.c estimated size: 146

./LCD.h
		_Lcd_Write_String		CODE           	1662	0000	70
		_Lcd_Init      		CODE           	093D	0000	99
		_Lcd_Write_Char		CODE           	15E3	0000	61
		_Lcd_Cmd       		CODE           	1512	0000	28
		_Lcd_Set_Cursor		CODE           	17A8	0000	88
		_Lcd_Clear     		CODE           	14EB	0000	13
		_Lcd_Port      		CODE           	152E	0000	32

./LCD.h estimated size: 391

C:\Program Files\Microchip\xc8\v2.36\pic\sources\c90\common\sprcdiv.c
		___fldiv       		CODE           	038E	0000	672

C:\Program Files\Microchip\xc8\v2.36\pic\sources\c90\common\sprcdiv.c estimated size: 672

shared
		__stringtab    		STRING         	0800	0000	16
		_dpowers       		STRING         	0810	0000	10
		i1_Lcd_Write_Char		CODE           	1570	0000	55
		i1_Lcd_Port    		CODE           	154E	0000	34
		i1_Lcd_Cmd     		CODE           	14F8	0000	26
		i1_Lcd_Clear   		CODE           	14DE	0000	13
		__initialization		CODE           	0015	0000	20
		i1_Lcd_Set_Cursor		CODE           	16A8	0000	82
		i1_Lcd_Write_String		CODE           	1620	0000	66

shared estimated size: 322

C:\Program Files\Microchip\xc8\v2.36\pic\sources\c90\common\xxtofl.c
		___xxtofl      		CODE           	0718	0000	188

C:\Program Files\Microchip\xc8\v2.36\pic\sources\c90\common\xxtofl.c estimated size: 188

C:\Program Files\Microchip\xc8\v2.36\pic\sources\c90\common\flge.c
		___flge        		CODE           	0AA3	0000	164

C:\Program Files\Microchip\xc8\v2.36\pic\sources\c90\common\flge.c estimated size: 164

C:\Program Files\Microchip\xc8\v2.36\pic\sources\c90\common\Umul8_16.c
		__Umul8_16     		CODE           	07D4	0000	41

C:\Program Files\Microchip\xc8\v2.36\pic\sources\c90\common\Umul8_16.c estimated size: 41

